// Jest Snapshot v1, https://goo.gl/fbAQLP

exports[`works 1`] = `
"const getConfig = createSelector();
getConfig.selectorName = \\"getConfig\\";"
`;
